Failed :


[0;34mLe test "echo "HELLO FROM INFILE" > infile && echo "file1:" >file1 && echo "file2:" >file2 && cat infile 1>>file1 2>>file2 fzef fze | wc && cat file* && rm file*" va être exécuté.[0m
Test 2: echo "HELLO FROM INFILE" > infile && echo "file1:" >file1 && echo "file2:" >file2 && cat infile 1>>file1 2>>file2 fzef fze | wc && cat file* && rm file* 
  Bash output: [0;31m
      0       0       0
file1:
HELLO FROM INFILE
file2:
cat: fzef: No such file or directory
cat: fze: No such file or directory[0m
  Bash status: [0;31m0[0m
  Minishell output: [0;31m
HELLO FROM INFILE
file1:
file2:
      0       0       0
cat: fzef: No such file or directory
cat: fze: No such file or directory[0m
  Minishell status: [0;31m0[0m


[0;34mLe test "cat '"'""'" va être exécuté.[0m
Test 8: cat '"'""' 
  Bash output: [0;31m
unexpected EOF while looking for matching `''
syntax error: unexpected end of file[0m
  Bash status: [0;31m2[0m
  Minishell output: [0;31m
Expected finishing simple quote.[0m
  Minishell status: [0;31m0[0m


[0;34mLe test "cat <<l | sleep 3 | cat << u" va être exécuté.[0m
Test 16: cat <<l | sleep 3 | cat << u 
  Bash output: [0;31m
warning: here-document at line 1 delimited by end-of-file (wanted `l')
warning: here-document at line 1 delimited by end-of-file (wanted `u')[0m
  Bash status: [0;31m0[0m
  Minishell output: [0;31m
warning: here-document delimited by end-of-file (wanted `l')
warning: here-document delimited by end-of-file (wanted `u')[0m
  Minishell status: [0;31m0[0m


[0;34mLe test "cat <<l | sleep 3 | cat << u | gorpre >fezfze | hello <infile <outfile <cat <heyhey < sources | ff | wc Makefile >> output" va être exécuté.[0m
Test 17: cat <<l | sleep 3 | cat << u | gorpre >fezfze | hello <infile <outfile <cat <heyhey < sources | ff | wc Makefile >> output 
  Bash output: [0;31m
warning: here-document at line 1 delimited by end-of-file (wanted `l')
warning: here-document at line 1 delimited by end-of-file (wanted `u')
cat: No such file or directory
gorpre: command not found
ff: command not found[0m
  Bash status: [0;31m0[0m
  Minishell output: [0;31m
warning: here-document delimited by end-of-file (wanted `l')
warning: here-document delimited by end-of-file (wanted `u')
cat: No such file or directory
gorpre: command not found
ff: command not found[0m
  Minishell status: [0;31m0[0m


[0;34mLe test "cat << l infile > outfile" va être exécuté.[0m
Test 18: cat << l infile > outfile 
  Bash output: [0;31m
warning: here-document at line 1 delimited by end-of-file (wanted `l')[0m
  Bash status: [0;31m0[0m
  Minishell output: [0;31m
warning: here-document delimited by end-of-file (wanted `l')[0m
  Minishell status: [0;31m0[0m


[0;34mLe test "cat infile << l >outfile" va être exécuté.[0m
Test 19: cat infile << l >outfile 
  Bash output: [0;31m
warning: here-document at line 1 delimited by end-of-file (wanted `l')[0m
  Bash status: [0;31m0[0m
  Minishell output: [0;31m
warning: here-document delimited by end-of-file (wanted `l')[0m
  Minishell status: [0;31m0[0m


[0;34mLe test "cat <fezfioze | cat << l<infile <frer <<l <infile" va être exécuté.[0m
Test 20: cat <fezfioze | cat << l<infile <frer <<l <infile 
  Bash output: [0;31m
warning: here-document at line 1 delimited by end-of-file (wanted `l')
warning: here-document at line 1 delimited by end-of-file (wanted `l')
fezfioze: No such file or directory
frer: No such file or directory[0m
  Bash status: [0;31m1[0m
  Minishell output: [0;31m
warning: here-document delimited by end-of-file (wanted `l')
warning: here-document delimited by end-of-file (wanted `l')
fezfioze: No such file or directory
frer: No such file or directory[0m
  Minishell status: [0;31m1[0m


[0;34mLe test "cat <infile << l > outfile" va être exécuté.[0m
Test 21: cat <infile << l > outfile 
  Bash output: [0;31m
warning: here-document at line 1 delimited by end-of-file (wanted `l')[0m
  Bash status: [0;31m0[0m
  Minishell output: [0;31m
warning: here-document delimited by end-of-file (wanted `l')[0m
  Minishell status: [0;31m0[0m


[0;34mLe test "cat < inf < infile <<l" va être exécuté.[0m
Test 22: cat < inf < infile <<l 
  Bash output: [0;31m
warning: here-document at line 1 delimited by end-of-file (wanted `l')
inf: No such file or directory[0m
  Bash status: [0;31m1[0m
  Minishell output: [0;31m
warning: here-document delimited by end-of-file (wanted `l')
inf: No such file or directory[0m
  Minishell status: [0;31m1[0m


[0;34mLe test "wc 2147483648>R infile" va être exécuté.[0m
Test 28: wc 2147483648>R infile 
  Bash output: [0;31m
wc: 2147483648: No such file or directory[0m
  Bash status: [0;31m1[0m
  Minishell output: [0;31m
wc: 2147483648: No such file or directory
0 0 0 infile
0 0 0 total[0m
  Minishell status: [0;31m1[0m


[0;34mLe test "wc 2000<R | wc hey 100<sources | wc  21012299192< | wc hey 1023>R" va être exécuté.[0m
Test 29: wc 2000<R | wc hey 100<sources | wc  21012299192< | wc hey 1023>R 
  Bash output: [0;31m
syntax error near unexpected token `|'
`wc 2000<R | wc hey 100<sources | wc  21012299192< | wc hey 1023>R'[0m
  Bash status: [0;31m2[0m
  Minishell output: [0;31m
syntax error near unexpected token `|'[0m
  Minishell status: [0;31m2[0m


[0;34mLe test "cat <'"<|"'<'|'"<"'<|<'"<'|'<"|'|<'>'>''|">>"|l<'<'|"<"'>'"|'<"L'>'|"k'|>'|'k'|'>"|'"<'L<'|'L'"k""'''""'|">"|'''''""'<|'L'|'<"|"i'n'f"|"i'le" va être exécuté.[0m
Test 32: cat <'"<|"'<'|'"<"'<|<'"<'|'<"|'|<'>'>''|">>"|l<'<'|"<"'>'"|'<"L'>'|"k'|>'|'k'|'>"|'"<'L<'|'L'"k""'''""'|">"|'''''""'<|'L'|'<"|"i'n'f"|"i'le 
  Bash output: [0;31m
syntax error near unexpected token `|'
`cat <'"<|"'<'|'"<"'<|<'"<'|'<"|'|<'>'>''|">>"|l<'<'|"<"'>'"|'<"L'>'|"k'|>'|'k'|'>"|'"<'L<'|'L'"k""'''""'|">"|'''''""'<|'L'|'<"|"i'n'f"|"i'le'[0m
  Bash status: [0;31m2[0m
  Minishell output: [0;31m
syntax error near unexpected token `|'[0m
  Minishell status: [0;31m2[0m


[0;34mLe test "wc <<<l Makefile" va être exécuté.[0m
Test 33: wc <<<l Makefile 
  Bash output: [0;31m
 115  302 3260 Makefile[0m
  Bash status: [0;31m0[0m
  Minishell output: [0;31m
syntax error near unexpected token `<'[0m
  Minishell status: [0;31m2[0m


[0;34mLe test "cat <l | sleep 3 | cat < u | gorpre >fezfze | hello <infile <outfile <cat <heyhey < sources | ff | wc Makefile 123>> output" va être exécuté.[0m
Test 34: cat <l | sleep 3 | cat < u | gorpre >fezfze | hello <infile <outfile <cat <heyhey < sources | ff | wc Makefile 123>> output 
  Bash output: [0;31m
l: No such file or directory
u: No such file or directory
 115  302 3260 Makefile
gorpre: command not found
cat: No such file or directory
ff: command not found[0m
  Bash status: [0;31m0[0m
  Minishell output: [0;31m
l: No such file or directory
u: No such file or directory
cat: No such file or directory
  8  32 192 output
gorpre: command not found
ff: command not found[0m
  Minishell status: [0;31m0[0m


[0;34mLe test "''""""''''""exit" va être exécuté.[0m
Test 36: ''""""''''""exit 
  Bash output: [0;31m
[0m
  Bash status: [0;31m0[0m
  Minishell output: [0;31m
exit[0m
  Minishell status: [0;31m1[0m


[0;34mLe test "cat Makefile | exit | wc" va être exécuté.[0m
Test 37: cat Makefile | exit | wc 
  Bash output: [0;31m
      0       0       0[0m
  Bash status: [0;31m0[0m
  Minishell output: [0;31m
exit: command not found
      0       0       0[0m
  Minishell status: [0;31m0[0m


[0;34mLe test "wc Makefile |" va être exécuté.[0m
Test 38: wc Makefile | 
  Bash output: [0;31m
syntax error: unexpected end of file[0m
  Bash status: [0;31m2[0m
  Minishell output: [0;31m
> [0m
  Minishell status: [0;31m139[0m


[0;34mLe test "cat <infile | wc 1>>HELL 1>hi >outfileZZ" va être exécuté.[0m
Test 39: cat <infile | wc 1>>HELL 1>hi >outfileZZ 
  Bash output: [0;31m
[0m
  Bash status: [0;31m0[0m
  Minishell output: [0;31m
HELL: command not found[0m
  Minishell status: [0;31m127[0m
