Failed :


[0;34mLe test "wc Makefile" va être exécuté.[0m
Test 1: wc Makefile 
  Bash output: [0;31m
wc: Makefile: No such file or directory[0m
  Bash status: [0;31m1[0m
  Minishell output: [0;31m
[0m
  Minishell status: [0;31m127[0m


[0;34mLe test "echo "HELLO FROM INFILE" > infile && echo "file1:" >file1 && echo "file2:" >file2 && cat infile 1>>file1 2>>file2 fzef fze | wc && cat file* && rm file*" va être exécuté.[0m
Test 2: echo "HELLO FROM INFILE" > infile && echo "file1:" >file1 && echo "file2:" >file2 && cat infile 1>>file1 2>>file2 fzef fze | wc && cat file* && rm file* 
  Bash output: [0;31m
      0       0       0
file1:
HELLO FROM INFILE
file2:
cat: fzef: No such file or directory
cat: fze: No such file or directory[0m
  Bash status: [0;31m0[0m
  Minishell output: [0;31m
[0m
  Minishell status: [0;31m127[0m


[0;34mLe test "Yes this works lol" va être exécuté.[0m
Test 3: Yes this works lol 
  Bash output: [0;31m
Yes: command not found[0m
  Bash status: [0;31m127[0m
  Minishell output: [0;31m
[0m
  Minishell status: [0;31m127[0m
